0 verbose cli C:\Program Files\nodejs\node.exe C:\Program Files\nodejs\node_modules\npm\bin\npm-cli.js
1 info using npm@11.11.0
2 info using node@v24.14.1
3 silly config load:file:C:\Program Files\nodejs\node_modules\npm\npmrc
4 silly config load:file:C:\Users\Maurice Ogada\cholesterol\.npmrc
5 silly config load:file:C:\Users\Maurice Ogada\.npmrc
6 silly config load:file:C:\Users\Maurice Ogada\cholesterol\Users OgadaAppDataRoamingnpm\etc\npmrc
7 verbose title npm exec ng update @angular/cli @angular/core
8 verbose argv "exec" "--" "ng" "update" "@angular/cli" "@angular/core"
9 verbose logfile logs-max:10 dir:C:\Users\Maurice Ogada\cholesterol\Users OgadaAppDataLocalnpm-cache\_logs\2026-04-13T01_36_20_648Z-
10 verbose logfile C:\Users\Maurice Ogada\cholesterol\Users OgadaAppDataLocalnpm-cache\_logs\2026-04-13T01_36_20_648Z-debug-0.log
11 silly logfile done cleaning log files
12 http fetch GET 200 https://registry.npmjs.org/npm 209ms
13 verbose cwd C:\Users\Maurice Ogada\cholesterol
14 verbose os Windows_NT 10.0.26200
15 verbose node v24.14.1
16 verbose npm  v11.11.0
17 notice
17 notice New [33mminor[39m version of npm available! [33m11.11.0[39m -> [34m11.12.1[39m
17 notice Changelog: [34mhttps://github.com/npm/cli/releases/tag/v11.12.1[39m
17 notice To update run: [4mnpm install -g npm@11.12.1[24m
17 notice  { force: true, Symbol(proc-log.meta): true }
18 verbose exit 1
19 verbose code 1
